kQBwP1UC3dbBjqOgWHNu3Nfa10FbQI-VGwck7JeOO92qnaEv
workchain: 0
